Archive member included because of file (symbol)

/usr/lib/gcc/avr/4.5.1/avr5/libgcc.a(_mulsi3.o)
                              build/atomqueue.o (__mulsi3)
/usr/lib/gcc/avr/4.5.1/avr5/libgcc.a(_udivmodsi4.o)
                              build/uart.o (__udivmodsi4)
/usr/lib/gcc/avr/4.5.1/avr5/libgcc.a(_exit.o)
                              /usr/lib/gcc/avr/4.5.1/../../../../avr/lib/avr5/crtm16.o (exit)
/usr/lib/gcc/avr/4.5.1/avr5/libgcc.a(_copy_data.o)
                              build/mutex5.o (__do_copy_data)
/usr/lib/gcc/avr/4.5.1/avr5/libgcc.a(_clear_bss.o)
                              build/mutex5.o (__do_clear_bss)
/usr/lib/gcc/avr/4.5.1/../../../../avr/lib/avr5/libc.a(memcpy.o)
                              build/atomqueue.o (memcpy)
/usr/lib/gcc/avr/4.5.1/../../../../avr/lib/avr5/libc.a(iob.o)
                              build/tests-main.o (__iob)
/usr/lib/gcc/avr/4.5.1/../../../../avr/lib/avr5/libc.a(printf_p.o)
                              build/mutex5.o (printf_P)
/usr/lib/gcc/avr/4.5.1/../../../../avr/lib/avr5/libc.a(vfprintf_std.o)
                              /usr/lib/gcc/avr/4.5.1/../../../../avr/lib/avr5/libc.a(printf_p.o) (vfprintf)
/usr/lib/gcc/avr/4.5.1/../../../../avr/lib/avr5/libc.a(strnlen_P.o)
                              /usr/lib/gcc/avr/4.5.1/../../../../avr/lib/avr5/libc.a(vfprintf_std.o) (strnlen_P)
/usr/lib/gcc/avr/4.5.1/../../../../avr/lib/avr5/libc.a(strnlen.o)
                              /usr/lib/gcc/avr/4.5.1/../../../../avr/lib/avr5/libc.a(vfprintf_std.o) (strnlen)
/usr/lib/gcc/avr/4.5.1/../../../../avr/lib/avr5/libc.a(fputc.o)
                              /usr/lib/gcc/avr/4.5.1/../../../../avr/lib/avr5/libc.a(vfprintf_std.o) (fputc)
/usr/lib/gcc/avr/4.5.1/../../../../avr/lib/avr5/libc.a(ultoa_invert.o)
                              /usr/lib/gcc/avr/4.5.1/../../../../avr/lib/avr5/libc.a(vfprintf_std.o) (__ultoa_invert)
/usr/lib/gcc/avr/4.5.1/avr5/libgcc.a(_prologue.o)
                              /usr/lib/gcc/avr/4.5.1/../../../../avr/lib/avr5/libc.a(printf_p.o) (__prologue_saves__)
/usr/lib/gcc/avr/4.5.1/avr5/libgcc.a(_epilogue.o)
                              /usr/lib/gcc/avr/4.5.1/../../../../avr/lib/avr5/libc.a(printf_p.o) (__epilogue_restores__)

Allocating common symbols
Common symbol       size              file

__iob               0x6               /usr/lib/gcc/avr/4.5.1/../../../../avr/lib/avr5/libc.a(iob.o)

Memory Configuration

Name             Origin             Length             Attributes
text             0x0000000000000000 0x0000000000020000 xr
data             0x0000000000800060 0x000000000000ffa0 rw !x
eeprom           0x0000000000810000 0x0000000000010000 rw !x
*default*        0x0000000000000000 0xffffffffffffffff

Linker script and memory map

LOAD /usr/lib/gcc/avr/4.5.1/../../../../avr/lib/avr5/crtm16.o
LOAD build/mutex5.o
LOAD build/atomport.o
LOAD build/uart.o
LOAD build/tests-main.o
LOAD build/atomport-asm.o
LOAD build/atomkernel.o
LOAD build/atomsem.o
LOAD build/atommutex.o
LOAD build/atomtimer.o
LOAD build/atomqueue.o
LOAD /usr/lib/gcc/avr/4.5.1/avr5/libgcc.a
LOAD /usr/lib/gcc/avr/4.5.1/../../../../avr/lib/avr5/libc.a
LOAD /usr/lib/gcc/avr/4.5.1/avr5/libgcc.a

.hash
 *(.hash)

.dynsym
 *(.dynsym)

.dynstr
 *(.dynstr)

.gnu.version
 *(.gnu.version)

.gnu.version_d
 *(.gnu.version_d)

.gnu.version_r
 *(.gnu.version_r)

.rel.init
 *(.rel.init)

.rela.init
 *(.rela.init)

.rel.text
 *(.rel.text)
 *(.rel.text.*)
 *(.rel.gnu.linkonce.t*)

.rela.text
 *(.rela.text)
 *(.rela.text.*)
 *(.rela.gnu.linkonce.t*)

.rel.fini
 *(.rel.fini)

.rela.fini
 *(.rela.fini)

.rel.rodata
 *(.rel.rodata)
 *(.rel.rodata.*)
 *(.rel.gnu.linkonce.r*)

.rela.rodata
 *(.rela.rodata)
 *(.rela.rodata.*)
 *(.rela.gnu.linkonce.r*)

.rel.data
 *(.rel.data)
 *(.rel.data.*)
 *(.rel.gnu.linkonce.d*)

.rela.data
 *(.rela.data)
 *(.rela.data.*)
 *(.rela.gnu.linkonce.d*)

.rel.ctors
 *(.rel.ctors)

.rela.ctors
 *(.rela.ctors)

.rel.dtors
 *(.rel.dtors)

.rela.dtors
 *(.rela.dtors)

.rel.got
 *(.rel.got)

.rela.got
 *(.rela.got)

.rel.bss
 *(.rel.bss)

.rela.bss
 *(.rela.bss)

.rel.plt
 *(.rel.plt)

.rela.plt
 *(.rela.plt)

.text           0x0000000000000000     0x3158
 *(.vectors)
 .vectors       0x0000000000000000       0x54 /usr/lib/gcc/avr/4.5.1/../../../../avr/lib/avr5/crtm16.o
                0x0000000000000000                __vectors
 *(.vectors)
 *(.progmem.gcc*)
 *(.progmem*)
 .progmem.data  0x0000000000000054       0xc2 build/mutex5.o
 .progmem.data  0x0000000000000116       0x14 build/tests-main.o
                0x000000000000012a                . = ALIGN (0x2)
                0x000000000000012a                __trampolines_start = .
 *(.trampolines)
 .trampolines   0x000000000000012a        0x0 linker stubs
 *(.trampolines*)
                0x000000000000012a                __trampolines_end = .
 *(.jumptables)
 *(.jumptables*)
 *(.lowtext)
 *(.lowtext*)
                0x000000000000012a                __ctors_start = .
 *(.ctors)
                0x000000000000012a                __ctors_end = .
                0x000000000000012a                __dtors_start = .
 *(.dtors)
                0x000000000000012a                __dtors_end = .
 SORT(*)(.ctors)
 SORT(*)(.dtors)
 *(.init0)
 .init0         0x000000000000012a        0x0 /usr/lib/gcc/avr/4.5.1/../../../../avr/lib/avr5/crtm16.o
                0x000000000000012a                __init
 *(.init0)
 *(.init1)
 *(.init1)
 *(.init2)
 .init2         0x000000000000012a        0xc /usr/lib/gcc/avr/4.5.1/../../../../avr/lib/avr5/crtm16.o
 *(.init2)
 *(.init3)
 *(.init3)
 *(.init4)
 .init4         0x0000000000000136       0x16 /usr/lib/gcc/avr/4.5.1/avr5/libgcc.a(_copy_data.o)
                0x0000000000000136                __do_copy_data
 .init4         0x000000000000014c       0x10 /usr/lib/gcc/avr/4.5.1/avr5/libgcc.a(_clear_bss.o)
                0x000000000000014c                __do_clear_bss
 *(.init4)
 *(.init5)
 *(.init5)
 *(.init6)
 *(.init6)
 *(.init7)
 *(.init7)
 *(.init8)
 *(.init8)
 *(.init9)
 .init9         0x000000000000015c        0x8 /usr/lib/gcc/avr/4.5.1/../../../../avr/lib/avr5/crtm16.o
 *(.init9)
 *(.text)
 .text          0x0000000000000164        0x4 /usr/lib/gcc/avr/4.5.1/../../../../avr/lib/avr5/crtm16.o
                0x0000000000000164                __vector_1
                0x0000000000000164                __vector_12
                0x0000000000000164                __bad_interrupt
                0x0000000000000164                __vector_3
                0x0000000000000164                __vector_11
                0x0000000000000164                __vector_13
                0x0000000000000164                __vector_17
                0x0000000000000164                __vector_19
                0x0000000000000164                __vector_7
                0x0000000000000164                __vector_5
                0x0000000000000164                __vector_4
                0x0000000000000164                __vector_9
                0x0000000000000164                __vector_2
                0x0000000000000164                __vector_15
                0x0000000000000164                __vector_8
                0x0000000000000164                __vector_14
                0x0000000000000164                __vector_10
                0x0000000000000164                __vector_16
                0x0000000000000164                __vector_18
                0x0000000000000164                __vector_20
 .text          0x0000000000000168      0x3ae build/mutex5.o
                0x0000000000000168                test_start
 .text          0x0000000000000516      0x2d2 build/atomport.o
                0x000000000000056a                archThreadContextInit
                0x000000000000073a                avrInitSystemTickTimer
                0x000000000000076a                __vector_6
                0x00000000000007c8                __vector_default
 .text          0x00000000000007e8      0x112 build/uart.o
                0x00000000000007e8                uart_init
                0x000000000000088c                uart_putchar
 .text          0x00000000000008fa      0x1b0 build/tests-main.o
                0x00000000000008fa                main
 .text          0x0000000000000aaa       0x94 build/atomport-asm.o
                0x0000000000000aaa                archContextSwitch
                0x0000000000000b0c                archFirstThreadRestore
 .text          0x0000000000000b3e      0x7fe build/atomkernel.o
                0x0000000000000b3e                atomSched
                0x0000000000000c9a                atomThreadCreate
                0x0000000000000e02                atomIntEnter
                0x0000000000000e22                atomIntExit
                0x0000000000000e4e                atomCurrentContext
                0x0000000000000e76                atomOSInit
                0x0000000000000f0e                atomOSStart
                0x0000000000000f68                tcbEnqueuePriority
                0x00000000000010a0                tcbDequeueHead
                0x0000000000001142                tcbDequeueEntry
                0x0000000000001288                tcbDequeuePriority
 .text          0x000000000000133c      0x4a8 build/atomsem.o
                0x000000000000133c                atomSemCreate
                0x0000000000001382                atomSemDelete
                0x0000000000001476                atomSemGet
                0x000000000000160e                atomSemPut
                0x0000000000001712                atomSemResetCount
 .text          0x00000000000017e4      0x524 build/atommutex.o
                0x00000000000017e4                atomMutexCreate
                0x000000000000182e                atomMutexDelete
                0x0000000000001922                atomMutexGet
                0x0000000000001b22                atomMutexPut
 .text          0x0000000000001d08      0x43a build/atomtimer.o
                0x0000000000001d08                atomTimerRegister
                0x0000000000001db4                atomTimerCancel
                0x0000000000001e88                atomTimeGet
                0x0000000000001eaa                atomTimeSet
                0x0000000000001ee4                atomTimerTick
                0x0000000000001f24                atomTimerDelay
 .text          0x0000000000002142      0x9da build/atomqueue.o
                0x0000000000002142                atomQueueCreate
                0x0000000000002248                atomQueueDelete
                0x0000000000002352                atomQueueGet
                0x000000000000254a                atomQueuePut
 .text          0x0000000000002b1c        0x0 /usr/lib/gcc/avr/4.5.1/avr5/libgcc.a(_mulsi3.o)
 .text          0x0000000000002b1c        0x0 /usr/lib/gcc/avr/4.5.1/avr5/libgcc.a(_udivmodsi4.o)
 .text          0x0000000000002b1c        0x0 /usr/lib/gcc/avr/4.5.1/avr5/libgcc.a(_exit.o)
 .text          0x0000000000002b1c        0x0 /usr/lib/gcc/avr/4.5.1/avr5/libgcc.a(_copy_data.o)
 .text          0x0000000000002b1c        0x0 /usr/lib/gcc/avr/4.5.1/avr5/libgcc.a(_clear_bss.o)
 .text          0x0000000000002b1c        0x0 /usr/lib/gcc/avr/4.5.1/../../../../avr/lib/avr5/libc.a(memcpy.o)
 .text          0x0000000000002b1c        0x0 /usr/lib/gcc/avr/4.5.1/../../../../avr/lib/avr5/libc.a(iob.o)
 .text          0x0000000000002b1c        0x0 /usr/lib/gcc/avr/4.5.1/../../../../avr/lib/avr5/libc.a(printf_p.o)
 .text          0x0000000000002b1c        0x0 /usr/lib/gcc/avr/4.5.1/../../../../avr/lib/avr5/libc.a(vfprintf_std.o)
 .text          0x0000000000002b1c        0x0 /usr/lib/gcc/avr/4.5.1/../../../../avr/lib/avr5/libc.a(strnlen_P.o)
 .text          0x0000000000002b1c        0x0 /usr/lib/gcc/avr/4.5.1/../../../../avr/lib/avr5/libc.a(strnlen.o)
 .text          0x0000000000002b1c        0x0 /usr/lib/gcc/avr/4.5.1/../../../../avr/lib/avr5/libc.a(fputc.o)
 .text          0x0000000000002b1c        0x0 /usr/lib/gcc/avr/4.5.1/../../../../avr/lib/avr5/libc.a(ultoa_invert.o)
 .text          0x0000000000002b1c        0x0 /usr/lib/gcc/avr/4.5.1/avr5/libgcc.a(_prologue.o)
 .text          0x0000000000002b1c        0x0 /usr/lib/gcc/avr/4.5.1/avr5/libgcc.a(_epilogue.o)
                0x0000000000002b1c                . = ALIGN (0x2)
 *(.text.*)
 .text.libgcc   0x0000000000002b1c       0x3e /usr/lib/gcc/avr/4.5.1/avr5/libgcc.a(_mulsi3.o)
                0x0000000000002b1c                __mulsi3
 .text.libgcc   0x0000000000002b5a       0x44 /usr/lib/gcc/avr/4.5.1/avr5/libgcc.a(_udivmodsi4.o)
                0x0000000000002b5a                __udivmodsi4
 .text.libgcc   0x0000000000002b9e        0x0 /usr/lib/gcc/avr/4.5.1/avr5/libgcc.a(_exit.o)
 .text.libgcc   0x0000000000002b9e        0x0 /usr/lib/gcc/avr/4.5.1/avr5/libgcc.a(_copy_data.o)
 .text.libgcc   0x0000000000002b9e        0x0 /usr/lib/gcc/avr/4.5.1/avr5/libgcc.a(_clear_bss.o)
 .text.avr-libc
                0x0000000000002b9e       0x12 /usr/lib/gcc/avr/4.5.1/../../../../avr/lib/avr5/libc.a(memcpy.o)
                0x0000000000002b9e                memcpy
 .text.avr-libc
                0x0000000000002bb0       0x46 /usr/lib/gcc/avr/4.5.1/../../../../avr/lib/avr5/libc.a(printf_p.o)
                0x0000000000002bb0                printf_P
 .text.avr-libc
                0x0000000000002bf6      0x3b0 /usr/lib/gcc/avr/4.5.1/../../../../avr/lib/avr5/libc.a(vfprintf_std.o)
                0x0000000000002bf6                vfprintf
 .text.avr-libc
                0x0000000000002fa6       0x16 /usr/lib/gcc/avr/4.5.1/../../../../avr/lib/avr5/libc.a(strnlen_P.o)
                0x0000000000002fa6                strnlen_P
 .text.avr-libc
                0x0000000000002fbc       0x16 /usr/lib/gcc/avr/4.5.1/../../../../avr/lib/avr5/libc.a(strnlen.o)
                0x0000000000002fbc                strnlen
 .text.avr-libc
                0x0000000000002fd2       0x58 /usr/lib/gcc/avr/4.5.1/../../../../avr/lib/avr5/libc.a(fputc.o)
                0x0000000000002fd2                fputc
 .text.avr-libc
                0x000000000000302a       0xbc /usr/lib/gcc/avr/4.5.1/../../../../avr/lib/avr5/libc.a(ultoa_invert.o)
                0x000000000000302a                __ultoa_invert
 .text.libgcc   0x00000000000030e6       0x38 /usr/lib/gcc/avr/4.5.1/avr5/libgcc.a(_prologue.o)
                0x00000000000030e6                __prologue_saves__
 .text.libgcc   0x000000000000311e       0x36 /usr/lib/gcc/avr/4.5.1/avr5/libgcc.a(_epilogue.o)
                0x000000000000311e                __epilogue_restores__
                0x0000000000003154                . = ALIGN (0x2)
 *(.fini9)
 .fini9         0x0000000000003154        0x0 /usr/lib/gcc/avr/4.5.1/avr5/libgcc.a(_exit.o)
                0x0000000000003154                exit
                0x0000000000003154                _exit
 *(.fini9)
 *(.fini8)
 *(.fini8)
 *(.fini7)
 *(.fini7)
 *(.fini6)
 *(.fini6)
 *(.fini5)
 *(.fini5)
 *(.fini4)
 *(.fini4)
 *(.fini3)
 *(.fini3)
 *(.fini2)
 *(.fini2)
 *(.fini1)
 *(.fini1)
 *(.fini0)
 .fini0         0x0000000000003154        0x4 /usr/lib/gcc/avr/4.5.1/avr5/libgcc.a(_exit.o)
 *(.fini0)
                0x0000000000003158                _etext = .

.data           0x0000000000800060        0xe load address 0x0000000000003158
                0x0000000000800060                PROVIDE (__data_start, .)
 *(.data)
 .data          0x0000000000800060        0x0 /usr/lib/gcc/avr/4.5.1/../../../../avr/lib/avr5/crtm16.o
 .data          0x0000000000800060        0x0 build/mutex5.o
 .data          0x0000000000800060        0x0 build/atomport.o
 .data          0x0000000000800060        0x0 build/uart.o
 .data          0x0000000000800060        0xe build/tests-main.o
 .data          0x000000000080006e        0x0 build/atomport-asm.o
 .data          0x000000000080006e        0x0 build/atomkernel.o
 .data          0x000000000080006e        0x0 build/atomsem.o
 .data          0x000000000080006e        0x0 build/atommutex.o
 .data          0x000000000080006e        0x0 build/atomtimer.o
 .data          0x000000000080006e        0x0 build/atomqueue.o
 .data          0x000000000080006e        0x0 /usr/lib/gcc/avr/4.5.1/avr5/libgcc.a(_mulsi3.o)
 .data          0x000000000080006e        0x0 /usr/lib/gcc/avr/4.5.1/avr5/libgcc.a(_udivmodsi4.o)
 .data          0x000000000080006e        0x0 /usr/lib/gcc/avr/4.5.1/avr5/libgcc.a(_exit.o)
 .data          0x000000000080006e        0x0 /usr/lib/gcc/avr/4.5.1/avr5/libgcc.a(_copy_data.o)
 .data          0x000000000080006e        0x0 /usr/lib/gcc/avr/4.5.1/avr5/libgcc.a(_clear_bss.o)
 .data          0x000000000080006e        0x0 /usr/lib/gcc/avr/4.5.1/../../../../avr/lib/avr5/libc.a(memcpy.o)
 .data          0x000000000080006e        0x0 /usr/lib/gcc/avr/4.5.1/../../../../avr/lib/avr5/libc.a(iob.o)
 .data          0x000000000080006e        0x0 /usr/lib/gcc/avr/4.5.1/../../../../avr/lib/avr5/libc.a(printf_p.o)
 .data          0x000000000080006e        0x0 /usr/lib/gcc/avr/4.5.1/../../../../avr/lib/avr5/libc.a(vfprintf_std.o)
 .data          0x000000000080006e        0x0 /usr/lib/gcc/avr/4.5.1/../../../../avr/lib/avr5/libc.a(strnlen_P.o)
 .data          0x000000000080006e        0x0 /usr/lib/gcc/avr/4.5.1/../../../../avr/lib/avr5/libc.a(strnlen.o)
 .data          0x000000000080006e        0x0 /usr/lib/gcc/avr/4.5.1/../../../../avr/lib/avr5/libc.a(fputc.o)
 .data          0x000000000080006e        0x0 /usr/lib/gcc/avr/4.5.1/../../../../avr/lib/avr5/libc.a(ultoa_invert.o)
 .data          0x000000000080006e        0x0 /usr/lib/gcc/avr/4.5.1/avr5/libgcc.a(_prologue.o)
 .data          0x000000000080006e        0x0 /usr/lib/gcc/avr/4.5.1/avr5/libgcc.a(_epilogue.o)
 *(.data*)
 *(.rodata)
 *(.rodata*)
 *(.gnu.linkonce.d*)
                0x000000000080006e                . = ALIGN (0x2)
                0x000000000080006e                _edata = .
                0x000000000080006e                PROVIDE (__data_end, .)

.bss            0x000000000080006e      0x21e
                0x000000000080006e                PROVIDE (__bss_start, .)
 *(.bss)
 .bss           0x000000000080006e        0x0 /usr/lib/gcc/avr/4.5.1/../../../../avr/lib/avr5/crtm16.o
 .bss           0x000000000080006e       0x98 build/mutex5.o
 .bss           0x0000000000800106        0x0 build/atomport.o
 .bss           0x0000000000800106        0x5 build/uart.o
 .bss           0x000000000080010b      0x15d build/tests-main.o
 .bss           0x0000000000800268        0x0 build/atomport-asm.o
 .bss           0x0000000000800268       0x18 build/atomkernel.o
                0x0000000000800268                tcbReadyQ
                0x000000000080026a                atomOSStarted
 .bss           0x0000000000800280        0x0 build/atomsem.o
 .bss           0x0000000000800280        0x0 build/atommutex.o
 .bss           0x0000000000800280        0x6 build/atomtimer.o
 .bss           0x0000000000800286        0x0 build/atomqueue.o
 .bss           0x0000000000800286        0x0 /usr/lib/gcc/avr/4.5.1/avr5/libgcc.a(_mulsi3.o)
 .bss           0x0000000000800286        0x0 /usr/lib/gcc/avr/4.5.1/avr5/libgcc.a(_udivmodsi4.o)
 .bss           0x0000000000800286        0x0 /usr/lib/gcc/avr/4.5.1/avr5/libgcc.a(_exit.o)
 .bss           0x0000000000800286        0x0 /usr/lib/gcc/avr/4.5.1/avr5/libgcc.a(_copy_data.o)
 .bss           0x0000000000800286        0x0 /usr/lib/gcc/avr/4.5.1/avr5/libgcc.a(_clear_bss.o)
 .bss           0x0000000000800286        0x0 /usr/lib/gcc/avr/4.5.1/../../../../avr/lib/avr5/libc.a(memcpy.o)
 .bss           0x0000000000800286        0x0 /usr/lib/gcc/avr/4.5.1/../../../../avr/lib/avr5/libc.a(iob.o)
 .bss           0x0000000000800286        0x0 /usr/lib/gcc/avr/4.5.1/../../../../avr/lib/avr5/libc.a(printf_p.o)
 .bss           0x0000000000800286        0x0 /usr/lib/gcc/avr/4.5.1/../../../../avr/lib/avr5/libc.a(vfprintf_std.o)
 .bss           0x0000000000800286        0x0 /usr/lib/gcc/avr/4.5.1/../../../../avr/lib/avr5/libc.a(strnlen_P.o)
 .bss           0x0000000000800286        0x0 /usr/lib/gcc/avr/4.5.1/../../../../avr/lib/avr5/libc.a(strnlen.o)
 .bss           0x0000000000800286        0x0 /usr/lib/gcc/avr/4.5.1/../../../../avr/lib/avr5/libc.a(fputc.o)
 .bss           0x0000000000800286        0x0 /usr/lib/gcc/avr/4.5.1/../../../../avr/lib/avr5/libc.a(ultoa_invert.o)
 .bss           0x0000000000800286        0x0 /usr/lib/gcc/avr/4.5.1/avr5/libgcc.a(_prologue.o)
 .bss           0x0000000000800286        0x0 /usr/lib/gcc/avr/4.5.1/avr5/libgcc.a(_epilogue.o)
 *(.bss*)
 *(COMMON)
 COMMON         0x0000000000800286        0x6 /usr/lib/gcc/avr/4.5.1/../../../../avr/lib/avr5/libc.a(iob.o)
                0x0000000000800286                __iob
                0x000000000080028c                PROVIDE (__bss_end, .)
                0x0000000000003158                __data_load_start = LOADADDR (.data)
                0x0000000000003166                __data_load_end = (__data_load_start + SIZEOF (.data))

.noinit         0x000000000080028c        0x0
                0x000000000080028c                PROVIDE (__noinit_start, .)
 *(.noinit*)
                0x000000000080028c                PROVIDE (__noinit_end, .)
                0x000000000080028c                _end = .
                0x000000000080028c                PROVIDE (__heap_start, .)

.eeprom         0x0000000000810000        0x0
 *(.eeprom*)
                0x0000000000810000                __eeprom_end = .

.stab           0x0000000000000000     0x6de0
 *(.stab)
 .stab          0x0000000000000000      0x6b4 /usr/lib/gcc/avr/4.5.1/../../../../avr/lib/avr5/crtm16.o
 .stab          0x00000000000006b4      0xa80 build/mutex5.o
                                        0xa8c (size before relaxing)
 .stab          0x0000000000001134      0x4f8 build/atomport.o
                                        0x7ec (size before relaxing)
 .stab          0x000000000000162c      0x384 build/uart.o
                                        0x660 (size before relaxing)
 .stab          0x00000000000019b0      0x414 build/tests-main.o
                                        0x738 (size before relaxing)
 .stab          0x0000000000001dc4      0xdf8 build/atomkernel.o
                                       0x10ec (size before relaxing)
 .stab          0x0000000000002bbc      0xa20 build/atomsem.o
                                        0xd14 (size before relaxing)
 .stab          0x00000000000035dc      0xa14 build/atommutex.o
                                        0xd2c (size before relaxing)
 .stab          0x0000000000003ff0      0x894 build/atomtimer.o
                                        0xb88 (size before relaxing)
 .stab          0x0000000000004884      0xe94 build/atomqueue.o
                                       0x1188 (size before relaxing)
 .stab          0x0000000000005718       0x84 /usr/lib/gcc/avr/4.5.1/../../../../avr/lib/avr5/libc.a(memcpy.o)
                                         0x90 (size before relaxing)
 .stab          0x000000000000579c      0x300 /usr/lib/gcc/avr/4.5.1/../../../../avr/lib/avr5/libc.a(iob.o)
                                        0x30c (size before relaxing)
 .stab          0x0000000000005a9c      0x1a4 /usr/lib/gcc/avr/4.5.1/../../../../avr/lib/avr5/libc.a(printf_p.o)
                                        0x384 (size before relaxing)
 .stab          0x0000000000005c40      0xa14 /usr/lib/gcc/avr/4.5.1/../../../../avr/lib/avr5/libc.a(vfprintf_std.o)
                                        0xbf4 (size before relaxing)
 .stab          0x0000000000006654       0x9c /usr/lib/gcc/avr/4.5.1/../../../../avr/lib/avr5/libc.a(strnlen_P.o)
                                         0xa8 (size before relaxing)
 .stab          0x00000000000066f0       0x9c /usr/lib/gcc/avr/4.5.1/../../../../avr/lib/avr5/libc.a(strnlen.o)
                                         0xa8 (size before relaxing)
 .stab          0x000000000000678c      0x1d4 /usr/lib/gcc/avr/4.5.1/../../../../avr/lib/avr5/libc.a(fputc.o)
                                        0x3b4 (size before relaxing)
 .stab          0x0000000000006960      0x480 /usr/lib/gcc/avr/4.5.1/../../../../avr/lib/avr5/libc.a(ultoa_invert.o)
                                        0x48c (size before relaxing)

.stabstr        0x0000000000000000     0x2bfd
 *(.stabstr)
 .stabstr       0x0000000000000000     0x2bfd /usr/lib/gcc/avr/4.5.1/../../../../avr/lib/avr5/crtm16.o

.stab.excl
 *(.stab.excl)

.stab.exclstr
 *(.stab.exclstr)

.stab.index
 *(.stab.index)

.stab.indexstr
 *(.stab.indexstr)

.comment
 *(.comment)

.debug
 *(.debug)

.line
 *(.line)

.debug_srcinfo
 *(.debug_srcinfo)

.debug_sfnames
 *(.debug_sfnames)

.debug_aranges
 *(.debug_aranges)

.debug_pubnames
 *(.debug_pubnames)

.debug_info
 *(.debug_info)
 *(.gnu.linkonce.wi.*)

.debug_abbrev
 *(.debug_abbrev)

.debug_line
 *(.debug_line)

.debug_frame
 *(.debug_frame)

.debug_str
 *(.debug_str)

.debug_loc
 *(.debug_loc)

.debug_macinfo
 *(.debug_macinfo)
OUTPUT(build/mutex5.elf elf32-avr)
LOAD linker stubs
