Archive member included because of file (symbol)

/usr/lib/gcc/avr/4.5.1/avr5/libgcc.a(_mulsi3.o)
                              build/atomqueue.o (__mulsi3)
/usr/lib/gcc/avr/4.5.1/avr5/libgcc.a(_udivmodsi4.o)
                              build/uart.o (__udivmodsi4)
/usr/lib/gcc/avr/4.5.1/avr5/libgcc.a(_exit.o)
                              /usr/lib/gcc/avr/4.5.1/../../../../avr/lib/avr5/crtm16.o (exit)
/usr/lib/gcc/avr/4.5.1/avr5/libgcc.a(_copy_data.o)
                              build/mutex3.o (__do_copy_data)
/usr/lib/gcc/avr/4.5.1/avr5/libgcc.a(_clear_bss.o)
                              build/mutex3.o (__do_clear_bss)
/usr/lib/gcc/avr/4.5.1/../../../../avr/lib/avr5/libc.a(memcpy.o)
                              build/atomqueue.o (memcpy)
/usr/lib/gcc/avr/4.5.1/../../../../avr/lib/avr5/libc.a(iob.o)
                              build/tests-main.o (__iob)
/usr/lib/gcc/avr/4.5.1/../../../../avr/lib/avr5/libc.a(printf_p.o)
                              build/mutex3.o (printf_P)
/usr/lib/gcc/avr/4.5.1/../../../../avr/lib/avr5/libc.a(vfprintf_std.o)
                              /usr/lib/gcc/avr/4.5.1/../../../../avr/lib/avr5/libc.a(printf_p.o) (vfprintf)
/usr/lib/gcc/avr/4.5.1/../../../../avr/lib/avr5/libc.a(strnlen_P.o)
                              /usr/lib/gcc/avr/4.5.1/../../../../avr/lib/avr5/libc.a(vfprintf_std.o) (strnlen_P)
/usr/lib/gcc/avr/4.5.1/../../../../avr/lib/avr5/libc.a(strnlen.o)
                              /usr/lib/gcc/avr/4.5.1/../../../../avr/lib/avr5/libc.a(vfprintf_std.o) (strnlen)
/usr/lib/gcc/avr/4.5.1/../../../../avr/lib/avr5/libc.a(fputc.o)
                              /usr/lib/gcc/avr/4.5.1/../../../../avr/lib/avr5/libc.a(vfprintf_std.o) (fputc)
/usr/lib/gcc/avr/4.5.1/../../../../avr/lib/avr5/libc.a(ultoa_invert.o)
                              /usr/lib/gcc/avr/4.5.1/../../../../avr/lib/avr5/libc.a(vfprintf_std.o) (__ultoa_invert)
/usr/lib/gcc/avr/4.5.1/avr5/libgcc.a(_prologue.o)
                              /usr/lib/gcc/avr/4.5.1/../../../../avr/lib/avr5/libc.a(printf_p.o) (__prologue_saves__)
/usr/lib/gcc/avr/4.5.1/avr5/libgcc.a(_epilogue.o)
                              /usr/lib/gcc/avr/4.5.1/../../../../avr/lib/avr5/libc.a(printf_p.o) (__epilogue_restores__)

Allocating common symbols
Common symbol       size              file

__iob               0x6               /usr/lib/gcc/avr/4.5.1/../../../../avr/lib/avr5/libc.a(iob.o)

Memory Configuration

Name             Origin             Length             Attributes
text             0x0000000000000000 0x0000000000020000 xr
data             0x0000000000800060 0x000000000000ffa0 rw !x
eeprom           0x0000000000810000 0x0000000000010000 rw !x
*default*        0x0000000000000000 0xffffffffffffffff

Linker script and memory map

LOAD /usr/lib/gcc/avr/4.5.1/../../../../avr/lib/avr5/crtm16.o
LOAD build/mutex3.o
LOAD build/atomport.o
LOAD build/uart.o
LOAD build/tests-main.o
LOAD build/atomport-asm.o
LOAD build/atomkernel.o
LOAD build/atomsem.o
LOAD build/atommutex.o
LOAD build/atomtimer.o
LOAD build/atomqueue.o
LOAD /usr/lib/gcc/avr/4.5.1/avr5/libgcc.a
LOAD /usr/lib/gcc/avr/4.5.1/../../../../avr/lib/avr5/libc.a
LOAD /usr/lib/gcc/avr/4.5.1/avr5/libgcc.a

.hash
 *(.hash)

.dynsym
 *(.dynsym)

.dynstr
 *(.dynstr)

.gnu.version
 *(.gnu.version)

.gnu.version_d
 *(.gnu.version_d)

.gnu.version_r
 *(.gnu.version_r)

.rel.init
 *(.rel.init)

.rela.init
 *(.rela.init)

.rel.text
 *(.rel.text)
 *(.rel.text.*)
 *(.rel.gnu.linkonce.t*)

.rela.text
 *(.rela.text)
 *(.rela.text.*)
 *(.rela.gnu.linkonce.t*)

.rel.fini
 *(.rel.fini)

.rela.fini
 *(.rela.fini)

.rel.rodata
 *(.rel.rodata)
 *(.rel.rodata.*)
 *(.rel.gnu.linkonce.r*)

.rela.rodata
 *(.rela.rodata)
 *(.rela.rodata.*)
 *(.rela.gnu.linkonce.r*)

.rel.data
 *(.rel.data)
 *(.rel.data.*)
 *(.rel.gnu.linkonce.d*)

.rela.data
 *(.rela.data)
 *(.rela.data.*)
 *(.rela.gnu.linkonce.d*)

.rel.ctors
 *(.rel.ctors)

.rela.ctors
 *(.rela.ctors)

.rel.dtors
 *(.rel.dtors)

.rela.dtors
 *(.rela.dtors)

.rel.got
 *(.rel.got)

.rela.got
 *(.rela.got)

.rel.bss
 *(.rel.bss)

.rela.bss
 *(.rela.bss)

.rel.plt
 *(.rel.plt)

.rela.plt
 *(.rela.plt)

.text           0x0000000000000000     0x31be
 *(.vectors)
 .vectors       0x0000000000000000       0x54 /usr/lib/gcc/avr/4.5.1/../../../../avr/lib/avr5/crtm16.o
                0x0000000000000000                __vectors
 *(.vectors)
 *(.progmem.gcc*)
 *(.progmem*)
 .progmem.data  0x0000000000000054       0xdd build/mutex3.o
 .progmem.data  0x0000000000000131       0x14 build/tests-main.o
                0x0000000000000146                . = ALIGN (0x2)
 *fill*         0x0000000000000145        0x1 00
                0x0000000000000146                __trampolines_start = .
 *(.trampolines)
 .trampolines   0x0000000000000146        0x0 linker stubs
 *(.trampolines*)
                0x0000000000000146                __trampolines_end = .
 *(.jumptables)
 *(.jumptables*)
 *(.lowtext)
 *(.lowtext*)
                0x0000000000000146                __ctors_start = .
 *(.ctors)
                0x0000000000000146                __ctors_end = .
                0x0000000000000146                __dtors_start = .
 *(.dtors)
                0x0000000000000146                __dtors_end = .
 SORT(*)(.ctors)
 SORT(*)(.dtors)
 *(.init0)
 .init0         0x0000000000000146        0x0 /usr/lib/gcc/avr/4.5.1/../../../../avr/lib/avr5/crtm16.o
                0x0000000000000146                __init
 *(.init0)
 *(.init1)
 *(.init1)
 *(.init2)
 .init2         0x0000000000000146        0xc /usr/lib/gcc/avr/4.5.1/../../../../avr/lib/avr5/crtm16.o
 *(.init2)
 *(.init3)
 *(.init3)
 *(.init4)
 .init4         0x0000000000000152       0x16 /usr/lib/gcc/avr/4.5.1/avr5/libgcc.a(_copy_data.o)
                0x0000000000000152                __do_copy_data
 .init4         0x0000000000000168       0x10 /usr/lib/gcc/avr/4.5.1/avr5/libgcc.a(_clear_bss.o)
                0x0000000000000168                __do_clear_bss
 *(.init4)
 *(.init5)
 *(.init5)
 *(.init6)
 *(.init6)
 *(.init7)
 *(.init7)
 *(.init8)
 *(.init8)
 *(.init9)
 .init9         0x0000000000000178        0x8 /usr/lib/gcc/avr/4.5.1/../../../../avr/lib/avr5/crtm16.o
 *(.init9)
 *(.text)
 .text          0x0000000000000180        0x4 /usr/lib/gcc/avr/4.5.1/../../../../avr/lib/avr5/crtm16.o
                0x0000000000000180                __vector_1
                0x0000000000000180                __vector_12
                0x0000000000000180                __bad_interrupt
                0x0000000000000180                __vector_3
                0x0000000000000180                __vector_11
                0x0000000000000180                __vector_13
                0x0000000000000180                __vector_17
                0x0000000000000180                __vector_19
                0x0000000000000180                __vector_7
                0x0000000000000180                __vector_5
                0x0000000000000180                __vector_4
                0x0000000000000180                __vector_9
                0x0000000000000180                __vector_2
                0x0000000000000180                __vector_15
                0x0000000000000180                __vector_8
                0x0000000000000180                __vector_14
                0x0000000000000180                __vector_10
                0x0000000000000180                __vector_16
                0x0000000000000180                __vector_18
                0x0000000000000180                __vector_20
 .text          0x0000000000000184      0x3f8 build/mutex3.o
                0x0000000000000184                test_start
 .text          0x000000000000057c      0x2d2 build/atomport.o
                0x00000000000005d0                archThreadContextInit
                0x00000000000007a0                avrInitSystemTickTimer
                0x00000000000007d0                __vector_6
                0x000000000000082e                __vector_default
 .text          0x000000000000084e      0x112 build/uart.o
                0x000000000000084e                uart_init
                0x00000000000008f2                uart_putchar
 .text          0x0000000000000960      0x1b0 build/tests-main.o
                0x0000000000000960                main
 .text          0x0000000000000b10       0x94 build/atomport-asm.o
                0x0000000000000b10                archContextSwitch
                0x0000000000000b72                archFirstThreadRestore
 .text          0x0000000000000ba4      0x7fe build/atomkernel.o
                0x0000000000000ba4                atomSched
                0x0000000000000d00                atomThreadCreate
                0x0000000000000e68                atomIntEnter
                0x0000000000000e88                atomIntExit
                0x0000000000000eb4                atomCurrentContext
                0x0000000000000edc                atomOSInit
                0x0000000000000f74                atomOSStart
                0x0000000000000fce                tcbEnqueuePriority
                0x0000000000001106                tcbDequeueHead
                0x00000000000011a8                tcbDequeueEntry
                0x00000000000012ee                tcbDequeuePriority
 .text          0x00000000000013a2      0x4a8 build/atomsem.o
                0x00000000000013a2                atomSemCreate
                0x00000000000013e8                atomSemDelete
                0x00000000000014dc                atomSemGet
                0x0000000000001674                atomSemPut
                0x0000000000001778                atomSemResetCount
 .text          0x000000000000184a      0x524 build/atommutex.o
                0x000000000000184a                atomMutexCreate
                0x0000000000001894                atomMutexDelete
                0x0000000000001988                atomMutexGet
                0x0000000000001b88                atomMutexPut
 .text          0x0000000000001d6e      0x43a build/atomtimer.o
                0x0000000000001d6e                atomTimerRegister
                0x0000000000001e1a                atomTimerCancel
                0x0000000000001eee                atomTimeGet
                0x0000000000001f10                atomTimeSet
                0x0000000000001f4a                atomTimerTick
                0x0000000000001f8a                atomTimerDelay
 .text          0x00000000000021a8      0x9da build/atomqueue.o
                0x00000000000021a8                atomQueueCreate
                0x00000000000022ae                atomQueueDelete
                0x00000000000023b8                atomQueueGet
                0x00000000000025b0                atomQueuePut
 .text          0x0000000000002b82        0x0 /usr/lib/gcc/avr/4.5.1/avr5/libgcc.a(_mulsi3.o)
 .text          0x0000000000002b82        0x0 /usr/lib/gcc/avr/4.5.1/avr5/libgcc.a(_udivmodsi4.o)
 .text          0x0000000000002b82        0x0 /usr/lib/gcc/avr/4.5.1/avr5/libgcc.a(_exit.o)
 .text          0x0000000000002b82        0x0 /usr/lib/gcc/avr/4.5.1/avr5/libgcc.a(_copy_data.o)
 .text          0x0000000000002b82        0x0 /usr/lib/gcc/avr/4.5.1/avr5/libgcc.a(_clear_bss.o)
 .text          0x0000000000002b82        0x0 /usr/lib/gcc/avr/4.5.1/../../../../avr/lib/avr5/libc.a(memcpy.o)
 .text          0x0000000000002b82        0x0 /usr/lib/gcc/avr/4.5.1/../../../../avr/lib/avr5/libc.a(iob.o)
 .text          0x0000000000002b82        0x0 /usr/lib/gcc/avr/4.5.1/../../../../avr/lib/avr5/libc.a(printf_p.o)
 .text          0x0000000000002b82        0x0 /usr/lib/gcc/avr/4.5.1/../../../../avr/lib/avr5/libc.a(vfprintf_std.o)
 .text          0x0000000000002b82        0x0 /usr/lib/gcc/avr/4.5.1/../../../../avr/lib/avr5/libc.a(strnlen_P.o)
 .text          0x0000000000002b82        0x0 /usr/lib/gcc/avr/4.5.1/../../../../avr/lib/avr5/libc.a(strnlen.o)
 .text          0x0000000000002b82        0x0 /usr/lib/gcc/avr/4.5.1/../../../../avr/lib/avr5/libc.a(fputc.o)
 .text          0x0000000000002b82        0x0 /usr/lib/gcc/avr/4.5.1/../../../../avr/lib/avr5/libc.a(ultoa_invert.o)
 .text          0x0000000000002b82        0x0 /usr/lib/gcc/avr/4.5.1/avr5/libgcc.a(_prologue.o)
 .text          0x0000000000002b82        0x0 /usr/lib/gcc/avr/4.5.1/avr5/libgcc.a(_epilogue.o)
                0x0000000000002b82                . = ALIGN (0x2)
 *(.text.*)
 .text.libgcc   0x0000000000002b82       0x3e /usr/lib/gcc/avr/4.5.1/avr5/libgcc.a(_mulsi3.o)
                0x0000000000002b82                __mulsi3
 .text.libgcc   0x0000000000002bc0       0x44 /usr/lib/gcc/avr/4.5.1/avr5/libgcc.a(_udivmodsi4.o)
                0x0000000000002bc0                __udivmodsi4
 .text.libgcc   0x0000000000002c04        0x0 /usr/lib/gcc/avr/4.5.1/avr5/libgcc.a(_exit.o)
 .text.libgcc   0x0000000000002c04        0x0 /usr/lib/gcc/avr/4.5.1/avr5/libgcc.a(_copy_data.o)
 .text.libgcc   0x0000000000002c04        0x0 /usr/lib/gcc/avr/4.5.1/avr5/libgcc.a(_clear_bss.o)
 .text.avr-libc
                0x0000000000002c04       0x12 /usr/lib/gcc/avr/4.5.1/../../../../avr/lib/avr5/libc.a(memcpy.o)
                0x0000000000002c04                memcpy
 .text.avr-libc
                0x0000000000002c16       0x46 /usr/lib/gcc/avr/4.5.1/../../../../avr/lib/avr5/libc.a(printf_p.o)
                0x0000000000002c16                printf_P
 .text.avr-libc
                0x0000000000002c5c      0x3b0 /usr/lib/gcc/avr/4.5.1/../../../../avr/lib/avr5/libc.a(vfprintf_std.o)
                0x0000000000002c5c                vfprintf
 .text.avr-libc
                0x000000000000300c       0x16 /usr/lib/gcc/avr/4.5.1/../../../../avr/lib/avr5/libc.a(strnlen_P.o)
                0x000000000000300c                strnlen_P
 .text.avr-libc
                0x0000000000003022       0x16 /usr/lib/gcc/avr/4.5.1/../../../../avr/lib/avr5/libc.a(strnlen.o)
                0x0000000000003022                strnlen
 .text.avr-libc
                0x0000000000003038       0x58 /usr/lib/gcc/avr/4.5.1/../../../../avr/lib/avr5/libc.a(fputc.o)
                0x0000000000003038                fputc
 .text.avr-libc
                0x0000000000003090       0xbc /usr/lib/gcc/avr/4.5.1/../../../../avr/lib/avr5/libc.a(ultoa_invert.o)
                0x0000000000003090                __ultoa_invert
 .text.libgcc   0x000000000000314c       0x38 /usr/lib/gcc/avr/4.5.1/avr5/libgcc.a(_prologue.o)
                0x000000000000314c                __prologue_saves__
 .text.libgcc   0x0000000000003184       0x36 /usr/lib/gcc/avr/4.5.1/avr5/libgcc.a(_epilogue.o)
                0x0000000000003184                __epilogue_restores__
                0x00000000000031ba                . = ALIGN (0x2)
 *(.fini9)
 .fini9         0x00000000000031ba        0x0 /usr/lib/gcc/avr/4.5.1/avr5/libgcc.a(_exit.o)
                0x00000000000031ba                exit
                0x00000000000031ba                _exit
 *(.fini9)
 *(.fini8)
 *(.fini8)
 *(.fini7)
 *(.fini7)
 *(.fini6)
 *(.fini6)
 *(.fini5)
 *(.fini5)
 *(.fini4)
 *(.fini4)
 *(.fini3)
 *(.fini3)
 *(.fini2)
 *(.fini2)
 *(.fini1)
 *(.fini1)
 *(.fini0)
 .fini0         0x00000000000031ba        0x4 /usr/lib/gcc/avr/4.5.1/avr5/libgcc.a(_exit.o)
 *(.fini0)
                0x00000000000031be                _etext = .

.data           0x0000000000800060        0xe load address 0x00000000000031be
                0x0000000000800060                PROVIDE (__data_start, .)
 *(.data)
 .data          0x0000000000800060        0x0 /usr/lib/gcc/avr/4.5.1/../../../../avr/lib/avr5/crtm16.o
 .data          0x0000000000800060        0x0 build/mutex3.o
 .data          0x0000000000800060        0x0 build/atomport.o
 .data          0x0000000000800060        0x0 build/uart.o
 .data          0x0000000000800060        0xe build/tests-main.o
 .data          0x000000000080006e        0x0 build/atomport-asm.o
 .data          0x000000000080006e        0x0 build/atomkernel.o
 .data          0x000000000080006e        0x0 build/atomsem.o
 .data          0x000000000080006e        0x0 build/atommutex.o
 .data          0x000000000080006e        0x0 build/atomtimer.o
 .data          0x000000000080006e        0x0 build/atomqueue.o
 .data          0x000000000080006e        0x0 /usr/lib/gcc/avr/4.5.1/avr5/libgcc.a(_mulsi3.o)
 .data          0x000000000080006e        0x0 /usr/lib/gcc/avr/4.5.1/avr5/libgcc.a(_udivmodsi4.o)
 .data          0x000000000080006e        0x0 /usr/lib/gcc/avr/4.5.1/avr5/libgcc.a(_exit.o)
 .data          0x000000000080006e        0x0 /usr/lib/gcc/avr/4.5.1/avr5/libgcc.a(_copy_data.o)
 .data          0x000000000080006e        0x0 /usr/lib/gcc/avr/4.5.1/avr5/libgcc.a(_clear_bss.o)
 .data          0x000000000080006e        0x0 /usr/lib/gcc/avr/4.5.1/../../../../avr/lib/avr5/libc.a(memcpy.o)
 .data          0x000000000080006e        0x0 /usr/lib/gcc/avr/4.5.1/../../../../avr/lib/avr5/libc.a(iob.o)
 .data          0x000000000080006e        0x0 /usr/lib/gcc/avr/4.5.1/../../../../avr/lib/avr5/libc.a(printf_p.o)
 .data          0x000000000080006e        0x0 /usr/lib/gcc/avr/4.5.1/../../../../avr/lib/avr5/libc.a(vfprintf_std.o)
 .data          0x000000000080006e        0x0 /usr/lib/gcc/avr/4.5.1/../../../../avr/lib/avr5/libc.a(strnlen_P.o)
 .data          0x000000000080006e        0x0 /usr/lib/gcc/avr/4.5.1/../../../../avr/lib/avr5/libc.a(strnlen.o)
 .data          0x000000000080006e        0x0 /usr/lib/gcc/avr/4.5.1/../../../../avr/lib/avr5/libc.a(fputc.o)
 .data          0x000000000080006e        0x0 /usr/lib/gcc/avr/4.5.1/../../../../avr/lib/avr5/libc.a(ultoa_invert.o)
 .data          0x000000000080006e        0x0 /usr/lib/gcc/avr/4.5.1/avr5/libgcc.a(_prologue.o)
 .data          0x000000000080006e        0x0 /usr/lib/gcc/avr/4.5.1/avr5/libgcc.a(_epilogue.o)
 *(.data*)
 *(.rodata)
 *(.rodata*)
 *(.gnu.linkonce.d*)
                0x000000000080006e                . = ALIGN (0x2)
                0x000000000080006e                _edata = .
                0x000000000080006e                PROVIDE (__data_end, .)

.bss            0x000000000080006e      0x3d4
                0x000000000080006e                PROVIDE (__bss_start, .)
 *(.bss)
 .bss           0x000000000080006e        0x0 /usr/lib/gcc/avr/4.5.1/../../../../avr/lib/avr5/crtm16.o
 .bss           0x000000000080006e      0x24e build/mutex3.o
 .bss           0x00000000008002bc        0x0 build/atomport.o
 .bss           0x00000000008002bc        0x5 build/uart.o
 .bss           0x00000000008002c1      0x15d build/tests-main.o
 .bss           0x000000000080041e        0x0 build/atomport-asm.o
 .bss           0x000000000080041e       0x18 build/atomkernel.o
                0x000000000080041e                tcbReadyQ
                0x0000000000800420                atomOSStarted
 .bss           0x0000000000800436        0x0 build/atomsem.o
 .bss           0x0000000000800436        0x0 build/atommutex.o
 .bss           0x0000000000800436        0x6 build/atomtimer.o
 .bss           0x000000000080043c        0x0 build/atomqueue.o
 .bss           0x000000000080043c        0x0 /usr/lib/gcc/avr/4.5.1/avr5/libgcc.a(_mulsi3.o)
 .bss           0x000000000080043c        0x0 /usr/lib/gcc/avr/4.5.1/avr5/libgcc.a(_udivmodsi4.o)
 .bss           0x000000000080043c        0x0 /usr/lib/gcc/avr/4.5.1/avr5/libgcc.a(_exit.o)
 .bss           0x000000000080043c        0x0 /usr/lib/gcc/avr/4.5.1/avr5/libgcc.a(_copy_data.o)
 .bss           0x000000000080043c        0x0 /usr/lib/gcc/avr/4.5.1/avr5/libgcc.a(_clear_bss.o)
 .bss           0x000000000080043c        0x0 /usr/lib/gcc/avr/4.5.1/../../../../avr/lib/avr5/libc.a(memcpy.o)
 .bss           0x000000000080043c        0x0 /usr/lib/gcc/avr/4.5.1/../../../../avr/lib/avr5/libc.a(iob.o)
 .bss           0x000000000080043c        0x0 /usr/lib/gcc/avr/4.5.1/../../../../avr/lib/avr5/libc.a(printf_p.o)
 .bss           0x000000000080043c        0x0 /usr/lib/gcc/avr/4.5.1/../../../../avr/lib/avr5/libc.a(vfprintf_std.o)
 .bss           0x000000000080043c        0x0 /usr/lib/gcc/avr/4.5.1/../../../../avr/lib/avr5/libc.a(strnlen_P.o)
 .bss           0x000000000080043c        0x0 /usr/lib/gcc/avr/4.5.1/../../../../avr/lib/avr5/libc.a(strnlen.o)
 .bss           0x000000000080043c        0x0 /usr/lib/gcc/avr/4.5.1/../../../../avr/lib/avr5/libc.a(fputc.o)
 .bss           0x000000000080043c        0x0 /usr/lib/gcc/avr/4.5.1/../../../../avr/lib/avr5/libc.a(ultoa_invert.o)
 .bss           0x000000000080043c        0x0 /usr/lib/gcc/avr/4.5.1/avr5/libgcc.a(_prologue.o)
 .bss           0x000000000080043c        0x0 /usr/lib/gcc/avr/4.5.1/avr5/libgcc.a(_epilogue.o)
 *(.bss*)
 *(COMMON)
 COMMON         0x000000000080043c        0x6 /usr/lib/gcc/avr/4.5.1/../../../../avr/lib/avr5/libc.a(iob.o)
                0x000000000080043c                __iob
                0x0000000000800442                PROVIDE (__bss_end, .)
                0x00000000000031be                __data_load_start = LOADADDR (.data)
                0x00000000000031cc                __data_load_end = (__data_load_start + SIZEOF (.data))

.noinit         0x0000000000800442        0x0
                0x0000000000800442                PROVIDE (__noinit_start, .)
 *(.noinit*)
                0x0000000000800442                PROVIDE (__noinit_end, .)
                0x0000000000800442                _end = .
                0x0000000000800442                PROVIDE (__heap_start, .)

.eeprom         0x0000000000810000        0x0
 *(.eeprom*)
                0x0000000000810000                __eeprom_end = .

.stab           0x0000000000000000     0x6d98
 *(.stab)
 .stab          0x0000000000000000      0x6b4 /usr/lib/gcc/avr/4.5.1/../../../../avr/lib/avr5/crtm16.o
 .stab          0x00000000000006b4      0xa38 build/mutex3.o
                                        0xa44 (size before relaxing)
 .stab          0x00000000000010ec      0x4f8 build/atomport.o
                                        0x7ec (size before relaxing)
 .stab          0x00000000000015e4      0x384 build/uart.o
                                        0x660 (size before relaxing)
 .stab          0x0000000000001968      0x414 build/tests-main.o
                                        0x738 (size before relaxing)
 .stab          0x0000000000001d7c      0xdf8 build/atomkernel.o
                                       0x10ec (size before relaxing)
 .stab          0x0000000000002b74      0xa20 build/atomsem.o
                                        0xd14 (size before relaxing)
 .stab          0x0000000000003594      0xa14 build/atommutex.o
                                        0xd2c (size before relaxing)
 .stab          0x0000000000003fa8      0x894 build/atomtimer.o
                                        0xb88 (size before relaxing)
 .stab          0x000000000000483c      0xe94 build/atomqueue.o
                                       0x1188 (size before relaxing)
 .stab          0x00000000000056d0       0x84 /usr/lib/gcc/avr/4.5.1/../../../../avr/lib/avr5/libc.a(memcpy.o)
                                         0x90 (size before relaxing)
 .stab          0x0000000000005754      0x300 /usr/lib/gcc/avr/4.5.1/../../../../avr/lib/avr5/libc.a(iob.o)
                                        0x30c (size before relaxing)
 .stab          0x0000000000005a54      0x1a4 /usr/lib/gcc/avr/4.5.1/../../../../avr/lib/avr5/libc.a(printf_p.o)
                                        0x384 (size before relaxing)
 .stab          0x0000000000005bf8      0xa14 /usr/lib/gcc/avr/4.5.1/../../../../avr/lib/avr5/libc.a(vfprintf_std.o)
                                        0xbf4 (size before relaxing)
 .stab          0x000000000000660c       0x9c /usr/lib/gcc/avr/4.5.1/../../../../avr/lib/avr5/libc.a(strnlen_P.o)
                                         0xa8 (size before relaxing)
 .stab          0x00000000000066a8       0x9c /usr/lib/gcc/avr/4.5.1/../../../../avr/lib/avr5/libc.a(strnlen.o)
                                         0xa8 (size before relaxing)
 .stab          0x0000000000006744      0x1d4 /usr/lib/gcc/avr/4.5.1/../../../../avr/lib/avr5/libc.a(fputc.o)
                                        0x3b4 (size before relaxing)
 .stab          0x0000000000006918      0x480 /usr/lib/gcc/avr/4.5.1/../../../../avr/lib/avr5/libc.a(ultoa_invert.o)
                                        0x48c (size before relaxing)

.stabstr        0x0000000000000000     0x2bdd
 *(.stabstr)
 .stabstr       0x0000000000000000     0x2bdd /usr/lib/gcc/avr/4.5.1/../../../../avr/lib/avr5/crtm16.o

.stab.excl
 *(.stab.excl)

.stab.exclstr
 *(.stab.exclstr)

.stab.index
 *(.stab.index)

.stab.indexstr
 *(.stab.indexstr)

.comment
 *(.comment)

.debug
 *(.debug)

.line
 *(.line)

.debug_srcinfo
 *(.debug_srcinfo)

.debug_sfnames
 *(.debug_sfnames)

.debug_aranges
 *(.debug_aranges)

.debug_pubnames
 *(.debug_pubnames)

.debug_info
 *(.debug_info)
 *(.gnu.linkonce.wi.*)

.debug_abbrev
 *(.debug_abbrev)

.debug_line
 *(.debug_line)

.debug_frame
 *(.debug_frame)

.debug_str
 *(.debug_str)

.debug_loc
 *(.debug_loc)

.debug_macinfo
 *(.debug_macinfo)
OUTPUT(build/mutex3.elf elf32-avr)
LOAD linker stubs
