Archive member included because of file (symbol)

/usr/lib/gcc/avr/4.5.1/avr5/libgcc.a(_mulsi3.o)
                              build/atomqueue.o (__mulsi3)
/usr/lib/gcc/avr/4.5.1/avr5/libgcc.a(_udivmodsi4.o)
                              build/uart.o (__udivmodsi4)
/usr/lib/gcc/avr/4.5.1/avr5/libgcc.a(_exit.o)
                              /usr/lib/gcc/avr/4.5.1/../../../../avr/lib/avr5/crtm16.o (exit)
/usr/lib/gcc/avr/4.5.1/avr5/libgcc.a(_copy_data.o)
                              build/queue4.o (__do_copy_data)
/usr/lib/gcc/avr/4.5.1/avr5/libgcc.a(_clear_bss.o)
                              build/queue4.o (__do_clear_bss)
/usr/lib/gcc/avr/4.5.1/../../../../avr/lib/avr5/libc.a(memcpy.o)
                              build/atomqueue.o (memcpy)
/usr/lib/gcc/avr/4.5.1/../../../../avr/lib/avr5/libc.a(iob.o)
                              build/tests-main.o (__iob)
/usr/lib/gcc/avr/4.5.1/../../../../avr/lib/avr5/libc.a(printf_p.o)
                              build/queue4.o (printf_P)
/usr/lib/gcc/avr/4.5.1/../../../../avr/lib/avr5/libc.a(vfprintf_std.o)
                              /usr/lib/gcc/avr/4.5.1/../../../../avr/lib/avr5/libc.a(printf_p.o) (vfprintf)
/usr/lib/gcc/avr/4.5.1/../../../../avr/lib/avr5/libc.a(strnlen_P.o)
                              /usr/lib/gcc/avr/4.5.1/../../../../avr/lib/avr5/libc.a(vfprintf_std.o) (strnlen_P)
/usr/lib/gcc/avr/4.5.1/../../../../avr/lib/avr5/libc.a(strnlen.o)
                              /usr/lib/gcc/avr/4.5.1/../../../../avr/lib/avr5/libc.a(vfprintf_std.o) (strnlen)
/usr/lib/gcc/avr/4.5.1/../../../../avr/lib/avr5/libc.a(fputc.o)
                              /usr/lib/gcc/avr/4.5.1/../../../../avr/lib/avr5/libc.a(vfprintf_std.o) (fputc)
/usr/lib/gcc/avr/4.5.1/../../../../avr/lib/avr5/libc.a(ultoa_invert.o)
                              /usr/lib/gcc/avr/4.5.1/../../../../avr/lib/avr5/libc.a(vfprintf_std.o) (__ultoa_invert)
/usr/lib/gcc/avr/4.5.1/avr5/libgcc.a(_prologue.o)
                              /usr/lib/gcc/avr/4.5.1/../../../../avr/lib/avr5/libc.a(printf_p.o) (__prologue_saves__)
/usr/lib/gcc/avr/4.5.1/avr5/libgcc.a(_epilogue.o)
                              /usr/lib/gcc/avr/4.5.1/../../../../avr/lib/avr5/libc.a(printf_p.o) (__epilogue_restores__)

Allocating common symbols
Common symbol       size              file

__iob               0x6               /usr/lib/gcc/avr/4.5.1/../../../../avr/lib/avr5/libc.a(iob.o)

Memory Configuration

Name             Origin             Length             Attributes
text             0x0000000000000000 0x0000000000020000 xr
data             0x0000000000800060 0x000000000000ffa0 rw !x
eeprom           0x0000000000810000 0x0000000000010000 rw !x
*default*        0x0000000000000000 0xffffffffffffffff

Linker script and memory map

LOAD /usr/lib/gcc/avr/4.5.1/../../../../avr/lib/avr5/crtm16.o
LOAD build/queue4.o
LOAD build/atomport.o
LOAD build/uart.o
LOAD build/tests-main.o
LOAD build/atomport-asm.o
LOAD build/atomkernel.o
LOAD build/atomsem.o
LOAD build/atommutex.o
LOAD build/atomtimer.o
LOAD build/atomqueue.o
LOAD /usr/lib/gcc/avr/4.5.1/avr5/libgcc.a
LOAD /usr/lib/gcc/avr/4.5.1/../../../../avr/lib/avr5/libc.a
LOAD /usr/lib/gcc/avr/4.5.1/avr5/libgcc.a

.hash
 *(.hash)

.dynsym
 *(.dynsym)

.dynstr
 *(.dynstr)

.gnu.version
 *(.gnu.version)

.gnu.version_d
 *(.gnu.version_d)

.gnu.version_r
 *(.gnu.version_r)

.rel.init
 *(.rel.init)

.rela.init
 *(.rela.init)

.rel.text
 *(.rel.text)
 *(.rel.text.*)
 *(.rel.gnu.linkonce.t*)

.rela.text
 *(.rela.text)
 *(.rela.text.*)
 *(.rela.gnu.linkonce.t*)

.rel.fini
 *(.rel.fini)

.rela.fini
 *(.rela.fini)

.rel.rodata
 *(.rel.rodata)
 *(.rel.rodata.*)
 *(.rel.gnu.linkonce.r*)

.rela.rodata
 *(.rela.rodata)
 *(.rela.rodata.*)
 *(.rela.gnu.linkonce.r*)

.rel.data
 *(.rel.data)
 *(.rel.data.*)
 *(.rel.gnu.linkonce.d*)

.rela.data
 *(.rela.data)
 *(.rela.data.*)
 *(.rela.gnu.linkonce.d*)

.rel.ctors
 *(.rel.ctors)

.rela.ctors
 *(.rela.ctors)

.rel.dtors
 *(.rel.dtors)

.rela.dtors
 *(.rela.dtors)

.rel.got
 *(.rel.got)

.rela.got
 *(.rela.got)

.rel.bss
 *(.rel.bss)

.rela.bss
 *(.rela.bss)

.rel.plt
 *(.rel.plt)

.rela.plt
 *(.rela.plt)

.text           0x0000000000000000     0x3382
 *(.vectors)
 .vectors       0x0000000000000000       0x54 /usr/lib/gcc/avr/4.5.1/../../../../avr/lib/avr5/crtm16.o
                0x0000000000000000                __vectors
 *(.vectors)
 *(.progmem.gcc*)
 *(.progmem*)
 .progmem.data  0x0000000000000054      0x15e build/queue4.o
 .progmem.data  0x00000000000001b2       0x14 build/tests-main.o
                0x00000000000001c6                . = ALIGN (0x2)
                0x00000000000001c6                __trampolines_start = .
 *(.trampolines)
 .trampolines   0x00000000000001c6        0x0 linker stubs
 *(.trampolines*)
                0x00000000000001c6                __trampolines_end = .
 *(.jumptables)
 *(.jumptables*)
 *(.lowtext)
 *(.lowtext*)
                0x00000000000001c6                __ctors_start = .
 *(.ctors)
                0x00000000000001c6                __ctors_end = .
                0x00000000000001c6                __dtors_start = .
 *(.dtors)
                0x00000000000001c6                __dtors_end = .
 SORT(*)(.ctors)
 SORT(*)(.dtors)
 *(.init0)
 .init0         0x00000000000001c6        0x0 /usr/lib/gcc/avr/4.5.1/../../../../avr/lib/avr5/crtm16.o
                0x00000000000001c6                __init
 *(.init0)
 *(.init1)
 *(.init1)
 *(.init2)
 .init2         0x00000000000001c6        0xc /usr/lib/gcc/avr/4.5.1/../../../../avr/lib/avr5/crtm16.o
 *(.init2)
 *(.init3)
 *(.init3)
 *(.init4)
 .init4         0x00000000000001d2       0x16 /usr/lib/gcc/avr/4.5.1/avr5/libgcc.a(_copy_data.o)
                0x00000000000001d2                __do_copy_data
 .init4         0x00000000000001e8       0x10 /usr/lib/gcc/avr/4.5.1/avr5/libgcc.a(_clear_bss.o)
                0x00000000000001e8                __do_clear_bss
 *(.init4)
 *(.init5)
 *(.init5)
 *(.init6)
 *(.init6)
 *(.init7)
 *(.init7)
 *(.init8)
 *(.init8)
 *(.init9)
 .init9         0x00000000000001f8        0x8 /usr/lib/gcc/avr/4.5.1/../../../../avr/lib/avr5/crtm16.o
 *(.init9)
 *(.text)
 .text          0x0000000000000200        0x4 /usr/lib/gcc/avr/4.5.1/../../../../avr/lib/avr5/crtm16.o
                0x0000000000000200                __vector_1
                0x0000000000000200                __vector_12
                0x0000000000000200                __bad_interrupt
                0x0000000000000200                __vector_3
                0x0000000000000200                __vector_11
                0x0000000000000200                __vector_13
                0x0000000000000200                __vector_17
                0x0000000000000200                __vector_19
                0x0000000000000200                __vector_7
                0x0000000000000200                __vector_5
                0x0000000000000200                __vector_4
                0x0000000000000200                __vector_9
                0x0000000000000200                __vector_2
                0x0000000000000200                __vector_15
                0x0000000000000200                __vector_8
                0x0000000000000200                __vector_14
                0x0000000000000200                __vector_10
                0x0000000000000200                __vector_16
                0x0000000000000200                __vector_18
                0x0000000000000200                __vector_20
 .text          0x0000000000000204      0x53c build/queue4.o
                0x0000000000000204                test_start
 .text          0x0000000000000740      0x2d2 build/atomport.o
                0x0000000000000794                archThreadContextInit
                0x0000000000000964                avrInitSystemTickTimer
                0x0000000000000994                __vector_6
                0x00000000000009f2                __vector_default
 .text          0x0000000000000a12      0x112 build/uart.o
                0x0000000000000a12                uart_init
                0x0000000000000ab6                uart_putchar
 .text          0x0000000000000b24      0x1b0 build/tests-main.o
                0x0000000000000b24                main
 .text          0x0000000000000cd4       0x94 build/atomport-asm.o
                0x0000000000000cd4                archContextSwitch
                0x0000000000000d36                archFirstThreadRestore
 .text          0x0000000000000d68      0x7fe build/atomkernel.o
                0x0000000000000d68                atomSched
                0x0000000000000ec4                atomThreadCreate
                0x000000000000102c                atomIntEnter
                0x000000000000104c                atomIntExit
                0x0000000000001078                atomCurrentContext
                0x00000000000010a0                atomOSInit
                0x0000000000001138                atomOSStart
                0x0000000000001192                tcbEnqueuePriority
                0x00000000000012ca                tcbDequeueHead
                0x000000000000136c                tcbDequeueEntry
                0x00000000000014b2                tcbDequeuePriority
 .text          0x0000000000001566      0x4a8 build/atomsem.o
                0x0000000000001566                atomSemCreate
                0x00000000000015ac                atomSemDelete
                0x00000000000016a0                atomSemGet
                0x0000000000001838                atomSemPut
                0x000000000000193c                atomSemResetCount
 .text          0x0000000000001a0e      0x524 build/atommutex.o
                0x0000000000001a0e                atomMutexCreate
                0x0000000000001a58                atomMutexDelete
                0x0000000000001b4c                atomMutexGet
                0x0000000000001d4c                atomMutexPut
 .text          0x0000000000001f32      0x43a build/atomtimer.o
                0x0000000000001f32                atomTimerRegister
                0x0000000000001fde                atomTimerCancel
                0x00000000000020b2                atomTimeGet
                0x00000000000020d4                atomTimeSet
                0x000000000000210e                atomTimerTick
                0x000000000000214e                atomTimerDelay
 .text          0x000000000000236c      0x9da build/atomqueue.o
                0x000000000000236c                atomQueueCreate
                0x0000000000002472                atomQueueDelete
                0x000000000000257c                atomQueueGet
                0x0000000000002774                atomQueuePut
 .text          0x0000000000002d46        0x0 /usr/lib/gcc/avr/4.5.1/avr5/libgcc.a(_mulsi3.o)
 .text          0x0000000000002d46        0x0 /usr/lib/gcc/avr/4.5.1/avr5/libgcc.a(_udivmodsi4.o)
 .text          0x0000000000002d46        0x0 /usr/lib/gcc/avr/4.5.1/avr5/libgcc.a(_exit.o)
 .text          0x0000000000002d46        0x0 /usr/lib/gcc/avr/4.5.1/avr5/libgcc.a(_copy_data.o)
 .text          0x0000000000002d46        0x0 /usr/lib/gcc/avr/4.5.1/avr5/libgcc.a(_clear_bss.o)
 .text          0x0000000000002d46        0x0 /usr/lib/gcc/avr/4.5.1/../../../../avr/lib/avr5/libc.a(memcpy.o)
 .text          0x0000000000002d46        0x0 /usr/lib/gcc/avr/4.5.1/../../../../avr/lib/avr5/libc.a(iob.o)
 .text          0x0000000000002d46        0x0 /usr/lib/gcc/avr/4.5.1/../../../../avr/lib/avr5/libc.a(printf_p.o)
 .text          0x0000000000002d46        0x0 /usr/lib/gcc/avr/4.5.1/../../../../avr/lib/avr5/libc.a(vfprintf_std.o)
 .text          0x0000000000002d46        0x0 /usr/lib/gcc/avr/4.5.1/../../../../avr/lib/avr5/libc.a(strnlen_P.o)
 .text          0x0000000000002d46        0x0 /usr/lib/gcc/avr/4.5.1/../../../../avr/lib/avr5/libc.a(strnlen.o)
 .text          0x0000000000002d46        0x0 /usr/lib/gcc/avr/4.5.1/../../../../avr/lib/avr5/libc.a(fputc.o)
 .text          0x0000000000002d46        0x0 /usr/lib/gcc/avr/4.5.1/../../../../avr/lib/avr5/libc.a(ultoa_invert.o)
 .text          0x0000000000002d46        0x0 /usr/lib/gcc/avr/4.5.1/avr5/libgcc.a(_prologue.o)
 .text          0x0000000000002d46        0x0 /usr/lib/gcc/avr/4.5.1/avr5/libgcc.a(_epilogue.o)
                0x0000000000002d46                . = ALIGN (0x2)
 *(.text.*)
 .text.libgcc   0x0000000000002d46       0x3e /usr/lib/gcc/avr/4.5.1/avr5/libgcc.a(_mulsi3.o)
                0x0000000000002d46                __mulsi3
 .text.libgcc   0x0000000000002d84       0x44 /usr/lib/gcc/avr/4.5.1/avr5/libgcc.a(_udivmodsi4.o)
                0x0000000000002d84                __udivmodsi4
 .text.libgcc   0x0000000000002dc8        0x0 /usr/lib/gcc/avr/4.5.1/avr5/libgcc.a(_exit.o)
 .text.libgcc   0x0000000000002dc8        0x0 /usr/lib/gcc/avr/4.5.1/avr5/libgcc.a(_copy_data.o)
 .text.libgcc   0x0000000000002dc8        0x0 /usr/lib/gcc/avr/4.5.1/avr5/libgcc.a(_clear_bss.o)
 .text.avr-libc
                0x0000000000002dc8       0x12 /usr/lib/gcc/avr/4.5.1/../../../../avr/lib/avr5/libc.a(memcpy.o)
                0x0000000000002dc8                memcpy
 .text.avr-libc
                0x0000000000002dda       0x46 /usr/lib/gcc/avr/4.5.1/../../../../avr/lib/avr5/libc.a(printf_p.o)
                0x0000000000002dda                printf_P
 .text.avr-libc
                0x0000000000002e20      0x3b0 /usr/lib/gcc/avr/4.5.1/../../../../avr/lib/avr5/libc.a(vfprintf_std.o)
                0x0000000000002e20                vfprintf
 .text.avr-libc
                0x00000000000031d0       0x16 /usr/lib/gcc/avr/4.5.1/../../../../avr/lib/avr5/libc.a(strnlen_P.o)
                0x00000000000031d0                strnlen_P
 .text.avr-libc
                0x00000000000031e6       0x16 /usr/lib/gcc/avr/4.5.1/../../../../avr/lib/avr5/libc.a(strnlen.o)
                0x00000000000031e6                strnlen
 .text.avr-libc
                0x00000000000031fc       0x58 /usr/lib/gcc/avr/4.5.1/../../../../avr/lib/avr5/libc.a(fputc.o)
                0x00000000000031fc                fputc
 .text.avr-libc
                0x0000000000003254       0xbc /usr/lib/gcc/avr/4.5.1/../../../../avr/lib/avr5/libc.a(ultoa_invert.o)
                0x0000000000003254                __ultoa_invert
 .text.libgcc   0x0000000000003310       0x38 /usr/lib/gcc/avr/4.5.1/avr5/libgcc.a(_prologue.o)
                0x0000000000003310                __prologue_saves__
 .text.libgcc   0x0000000000003348       0x36 /usr/lib/gcc/avr/4.5.1/avr5/libgcc.a(_epilogue.o)
                0x0000000000003348                __epilogue_restores__
                0x000000000000337e                . = ALIGN (0x2)
 *(.fini9)
 .fini9         0x000000000000337e        0x0 /usr/lib/gcc/avr/4.5.1/avr5/libgcc.a(_exit.o)
                0x000000000000337e                exit
                0x000000000000337e                _exit
 *(.fini9)
 *(.fini8)
 *(.fini8)
 *(.fini7)
 *(.fini7)
 *(.fini6)
 *(.fini6)
 *(.fini5)
 *(.fini5)
 *(.fini4)
 *(.fini4)
 *(.fini3)
 *(.fini3)
 *(.fini2)
 *(.fini2)
 *(.fini1)
 *(.fini1)
 *(.fini0)
 .fini0         0x000000000000337e        0x4 /usr/lib/gcc/avr/4.5.1/avr5/libgcc.a(_exit.o)
 *(.fini0)
                0x0000000000003382                _etext = .

.data           0x0000000000800060        0xe load address 0x0000000000003382
                0x0000000000800060                PROVIDE (__data_start, .)
 *(.data)
 .data          0x0000000000800060        0x0 /usr/lib/gcc/avr/4.5.1/../../../../avr/lib/avr5/crtm16.o
 .data          0x0000000000800060        0x0 build/queue4.o
 .data          0x0000000000800060        0x0 build/atomport.o
 .data          0x0000000000800060        0x0 build/uart.o
 .data          0x0000000000800060        0xe build/tests-main.o
 .data          0x000000000080006e        0x0 build/atomport-asm.o
 .data          0x000000000080006e        0x0 build/atomkernel.o
 .data          0x000000000080006e        0x0 build/atomsem.o
 .data          0x000000000080006e        0x0 build/atommutex.o
 .data          0x000000000080006e        0x0 build/atomtimer.o
 .data          0x000000000080006e        0x0 build/atomqueue.o
 .data          0x000000000080006e        0x0 /usr/lib/gcc/avr/4.5.1/avr5/libgcc.a(_mulsi3.o)
 .data          0x000000000080006e        0x0 /usr/lib/gcc/avr/4.5.1/avr5/libgcc.a(_udivmodsi4.o)
 .data          0x000000000080006e        0x0 /usr/lib/gcc/avr/4.5.1/avr5/libgcc.a(_exit.o)
 .data          0x000000000080006e        0x0 /usr/lib/gcc/avr/4.5.1/avr5/libgcc.a(_copy_data.o)
 .data          0x000000000080006e        0x0 /usr/lib/gcc/avr/4.5.1/avr5/libgcc.a(_clear_bss.o)
 .data          0x000000000080006e        0x0 /usr/lib/gcc/avr/4.5.1/../../../../avr/lib/avr5/libc.a(memcpy.o)
 .data          0x000000000080006e        0x0 /usr/lib/gcc/avr/4.5.1/../../../../avr/lib/avr5/libc.a(iob.o)
 .data          0x000000000080006e        0x0 /usr/lib/gcc/avr/4.5.1/../../../../avr/lib/avr5/libc.a(printf_p.o)
 .data          0x000000000080006e        0x0 /usr/lib/gcc/avr/4.5.1/../../../../avr/lib/avr5/libc.a(vfprintf_std.o)
 .data          0x000000000080006e        0x0 /usr/lib/gcc/avr/4.5.1/../../../../avr/lib/avr5/libc.a(strnlen_P.o)
 .data          0x000000000080006e        0x0 /usr/lib/gcc/avr/4.5.1/../../../../avr/lib/avr5/libc.a(strnlen.o)
 .data          0x000000000080006e        0x0 /usr/lib/gcc/avr/4.5.1/../../../../avr/lib/avr5/libc.a(fputc.o)
 .data          0x000000000080006e        0x0 /usr/lib/gcc/avr/4.5.1/../../../../avr/lib/avr5/libc.a(ultoa_invert.o)
 .data          0x000000000080006e        0x0 /usr/lib/gcc/avr/4.5.1/avr5/libgcc.a(_prologue.o)
 .data          0x000000000080006e        0x0 /usr/lib/gcc/avr/4.5.1/avr5/libgcc.a(_epilogue.o)
 *(.data*)
 *(.rodata)
 *(.rodata*)
 *(.gnu.linkonce.d*)
                0x000000000080006e                . = ALIGN (0x2)
                0x000000000080006e                _edata = .
                0x000000000080006e                PROVIDE (__data_end, .)

.bss            0x000000000080006e      0x1cc
                0x000000000080006e                PROVIDE (__bss_start, .)
 *(.bss)
 .bss           0x000000000080006e        0x0 /usr/lib/gcc/avr/4.5.1/../../../../avr/lib/avr5/crtm16.o
 .bss           0x000000000080006e       0x46 build/queue4.o
 .bss           0x00000000008000b4        0x0 build/atomport.o
 .bss           0x00000000008000b4        0x5 build/uart.o
 .bss           0x00000000008000b9      0x15d build/tests-main.o
 .bss           0x0000000000800216        0x0 build/atomport-asm.o
 .bss           0x0000000000800216       0x18 build/atomkernel.o
                0x0000000000800216                tcbReadyQ
                0x0000000000800218                atomOSStarted
 .bss           0x000000000080022e        0x0 build/atomsem.o
 .bss           0x000000000080022e        0x0 build/atommutex.o
 .bss           0x000000000080022e        0x6 build/atomtimer.o
 .bss           0x0000000000800234        0x0 build/atomqueue.o
 .bss           0x0000000000800234        0x0 /usr/lib/gcc/avr/4.5.1/avr5/libgcc.a(_mulsi3.o)
 .bss           0x0000000000800234        0x0 /usr/lib/gcc/avr/4.5.1/avr5/libgcc.a(_udivmodsi4.o)
 .bss           0x0000000000800234        0x0 /usr/lib/gcc/avr/4.5.1/avr5/libgcc.a(_exit.o)
 .bss           0x0000000000800234        0x0 /usr/lib/gcc/avr/4.5.1/avr5/libgcc.a(_copy_data.o)
 .bss           0x0000000000800234        0x0 /usr/lib/gcc/avr/4.5.1/avr5/libgcc.a(_clear_bss.o)
 .bss           0x0000000000800234        0x0 /usr/lib/gcc/avr/4.5.1/../../../../avr/lib/avr5/libc.a(memcpy.o)
 .bss           0x0000000000800234        0x0 /usr/lib/gcc/avr/4.5.1/../../../../avr/lib/avr5/libc.a(iob.o)
 .bss           0x0000000000800234        0x0 /usr/lib/gcc/avr/4.5.1/../../../../avr/lib/avr5/libc.a(printf_p.o)
 .bss           0x0000000000800234        0x0 /usr/lib/gcc/avr/4.5.1/../../../../avr/lib/avr5/libc.a(vfprintf_std.o)
 .bss           0x0000000000800234        0x0 /usr/lib/gcc/avr/4.5.1/../../../../avr/lib/avr5/libc.a(strnlen_P.o)
 .bss           0x0000000000800234        0x0 /usr/lib/gcc/avr/4.5.1/../../../../avr/lib/avr5/libc.a(strnlen.o)
 .bss           0x0000000000800234        0x0 /usr/lib/gcc/avr/4.5.1/../../../../avr/lib/avr5/libc.a(fputc.o)
 .bss           0x0000000000800234        0x0 /usr/lib/gcc/avr/4.5.1/../../../../avr/lib/avr5/libc.a(ultoa_invert.o)
 .bss           0x0000000000800234        0x0 /usr/lib/gcc/avr/4.5.1/avr5/libgcc.a(_prologue.o)
 .bss           0x0000000000800234        0x0 /usr/lib/gcc/avr/4.5.1/avr5/libgcc.a(_epilogue.o)
 *(.bss*)
 *(COMMON)
 COMMON         0x0000000000800234        0x6 /usr/lib/gcc/avr/4.5.1/../../../../avr/lib/avr5/libc.a(iob.o)
                0x0000000000800234                __iob
                0x000000000080023a                PROVIDE (__bss_end, .)
                0x0000000000003382                __data_load_start = LOADADDR (.data)
                0x0000000000003390                __data_load_end = (__data_load_start + SIZEOF (.data))

.noinit         0x000000000080023a        0x0
                0x000000000080023a                PROVIDE (__noinit_start, .)
 *(.noinit*)
                0x000000000080023a                PROVIDE (__noinit_end, .)
                0x000000000080023a                _end = .
                0x000000000080023a                PROVIDE (__heap_start, .)

.eeprom         0x0000000000810000        0x0
 *(.eeprom*)
                0x0000000000810000                __eeprom_end = .

.stab           0x0000000000000000     0x7008
 *(.stab)
 .stab          0x0000000000000000      0x6b4 /usr/lib/gcc/avr/4.5.1/../../../../avr/lib/avr5/crtm16.o
 .stab          0x00000000000006b4      0xca8 build/queue4.o
                                        0xcb4 (size before relaxing)
 .stab          0x000000000000135c      0x4f8 build/atomport.o
                                        0x7ec (size before relaxing)
 .stab          0x0000000000001854      0x3a8 build/uart.o
                                        0x660 (size before relaxing)
 .stab          0x0000000000001bfc      0x414 build/tests-main.o
                                        0x738 (size before relaxing)
 .stab          0x0000000000002010      0xdf8 build/atomkernel.o
                                       0x10ec (size before relaxing)
 .stab          0x0000000000002e08      0xa20 build/atomsem.o
                                        0xd14 (size before relaxing)
 .stab          0x0000000000003828      0xa14 build/atommutex.o
                                        0xd2c (size before relaxing)
 .stab          0x000000000000423c      0x894 build/atomtimer.o
                                        0xb88 (size before relaxing)
 .stab          0x0000000000004ad0      0xe70 build/atomqueue.o
                                       0x1188 (size before relaxing)
 .stab          0x0000000000005940       0x84 /usr/lib/gcc/avr/4.5.1/../../../../avr/lib/avr5/libc.a(memcpy.o)
                                         0x90 (size before relaxing)
 .stab          0x00000000000059c4      0x300 /usr/lib/gcc/avr/4.5.1/../../../../avr/lib/avr5/libc.a(iob.o)
                                        0x30c (size before relaxing)
 .stab          0x0000000000005cc4      0x1a4 /usr/lib/gcc/avr/4.5.1/../../../../avr/lib/avr5/libc.a(printf_p.o)
                                        0x384 (size before relaxing)
 .stab          0x0000000000005e68      0xa14 /usr/lib/gcc/avr/4.5.1/../../../../avr/lib/avr5/libc.a(vfprintf_std.o)
                                        0xbf4 (size before relaxing)
 .stab          0x000000000000687c       0x9c /usr/lib/gcc/avr/4.5.1/../../../../avr/lib/avr5/libc.a(strnlen_P.o)
                                         0xa8 (size before relaxing)
 .stab          0x0000000000006918       0x9c /usr/lib/gcc/avr/4.5.1/../../../../avr/lib/avr5/libc.a(strnlen.o)
                                         0xa8 (size before relaxing)
 .stab          0x00000000000069b4      0x1d4 /usr/lib/gcc/avr/4.5.1/../../../../avr/lib/avr5/libc.a(fputc.o)
                                        0x3b4 (size before relaxing)
 .stab          0x0000000000006b88      0x480 /usr/lib/gcc/avr/4.5.1/../../../../avr/lib/avr5/libc.a(ultoa_invert.o)
                                        0x48c (size before relaxing)

.stabstr        0x0000000000000000     0x2c00
 *(.stabstr)
 .stabstr       0x0000000000000000     0x2c00 /usr/lib/gcc/avr/4.5.1/../../../../avr/lib/avr5/crtm16.o

.stab.excl
 *(.stab.excl)

.stab.exclstr
 *(.stab.exclstr)

.stab.index
 *(.stab.index)

.stab.indexstr
 *(.stab.indexstr)

.comment
 *(.comment)

.debug
 *(.debug)

.line
 *(.line)

.debug_srcinfo
 *(.debug_srcinfo)

.debug_sfnames
 *(.debug_sfnames)

.debug_aranges
 *(.debug_aranges)

.debug_pubnames
 *(.debug_pubnames)

.debug_info
 *(.debug_info)
 *(.gnu.linkonce.wi.*)

.debug_abbrev
 *(.debug_abbrev)

.debug_line
 *(.debug_line)

.debug_frame
 *(.debug_frame)

.debug_str
 *(.debug_str)

.debug_loc
 *(.debug_loc)

.debug_macinfo
 *(.debug_macinfo)
OUTPUT(build/queue4.elf elf32-avr)
LOAD linker stubs
